// Jest Snapshot v1, https://goo.gl/fbAQLP

exports[`renders a snapshot 1`] = `
<div
  className="card"
  style={
    Object {
      "width": "18rem",
    }
  }
>
  <img
    className="card-img-top"
    src="woody.jpg"
  />
  <div
    className="card-body"
  >
    <div
      className="card-title h5"
    >
      Woody
    </div>
    <p
      className="card-text"
    >
      I am Woody from the Toy Story movies.
    </p>
  </div>
</div>
`;
